// Jest Snapshot v1, https://goo.gl/fbAQLP

exports[`Gallery component matches snapshot 1`] = `
<DocumentFragment>
  <section>
    <h1
      data-testid="h1tag"
    >
      Portraits
    </h1>
    <p>
      Portraits of people in my life
    </p>
    <div
      class="container mt-5"
      data-test="container"
    >
      <div
        class="row mb-4"
        data-test="row"
      >
        <div
          class="col"
          data-test="col"
        />
      </div>
    </div>
  </section>
</DocumentFragment>
`;
