// Jest Snapshot v1, https://goo.gl/fbAQLP

exports[`PhotoList is rendering renders 1`] = `
<DocumentFragment>
  <div
    class="container mt-5"
    data-test="container"
  >
    <div
      class="row mb-4"
      data-test="row"
    >
      <div
        class="col"
        data-test="col"
      />
    </div>
  </div>
</DocumentFragment>
`;
